1920x1080 1 lind_elder_house front/door/corners/contact/input PASS
1920x1080 1 lind_inn front/door/corners/contact/input PASS
1920x1080 1 lind_aidan_house front/door/corners/contact/input PASS
1920x1080 1 lind_item_shop front/door/corners/contact/input PASS
1920x1080 1 lind_house_01 front/door/corners/contact/input PASS
1920x1080 1 lind_house_02 front/door/corners/contact/input PASS
1920x1080 1 lind_house_03 front/door/corners/contact/input PASS
1920x1080 1 lind_house_04 front/door/corners/contact/input PASS
1920x1080 1 lind_barn front/door/corners/contact/input PASS
1920x1080 1 lind_storage front/door/corners/contact/input PASS
1920x1080 1 lind_cowshed front/door/corners/contact/input PASS
1920x1080 1 lind_pigsty front/door/corners/contact/input PASS
1920x1080 1 lind_chicken_coop front/door/corners/contact/input PASS
1920x1080 1 train_shed front/door/corners/contact/input PASS
1920x1080 1.5 lind_item_shop front/door/corners/contact/input PASS
1920x1080 1.5 lind_house_02 front/door/corners/contact/input PASS
1920x1080 1.5 lind_barn front/door/corners/contact/input PASS
1920x1080 1.5 lind_pigsty front/door/corners/contact/input PASS
1920x1080 1.5 train_shed front/door/corners/contact/input PASS
1920x1080 1.8 lind_item_shop front/door/corners/contact/input PASS
1920x1080 1.8 lind_house_02 front/door/corners/contact/input PASS
1920x1080 1.8 lind_barn front/door/corners/contact/input PASS
1920x1080 1.8 lind_pigsty front/door/corners/contact/input PASS
1920x1080 1.8 train_shed front/door/corners/contact/input PASS
1920x1080 2.1 lind_item_shop front/door/corners/contact/input PASS
1920x1080 2.1 lind_house_02 front/door/corners/contact/input PASS
1920x1080 2.1 lind_barn front/door/corners/contact/input PASS
1920x1080 2.1 lind_pigsty front/door/corners/contact/input PASS
1920x1080 2.1 train_shed front/door/corners/contact/input PASS
